device = NVIDIA B200   torch = 2.11.0+cu130
B sweep = [1, 16]   S sweep = [32768, 131072, 1048576]   warmup/iters = 5/25
[1/6] B=1   S=   32768   free=177.7 GB
[2/6] B=1   S=  131072   free=177.5 GB
[3/6] B=1   S= 1048576   free=177.4 GB
[4/6] B=16  S=   32768   free=176.9 GB
[5/6] B=16  S=  131072   free=177.0 GB
[6/6] B=16  S= 1048576   free=177.0 GB

======================================================================================================================
  Q1: indexer cost vs sparse-attention cost   |   Q2: sparse vs dense
======================================================================================================================
  B          S |  mqa_lgt    topk   setup  indexer |  gather  sparse   dense | idx/spa spa/dns dns/dsa  idx%
------------------------------------------------------------------------------------------------------------
  1      32768 |    0.090   0.096   0.287    0.473 |   0.019   0.031   0.044 |   15.41   0.701    0.08   90%
  1     131072 |    0.339   0.106   0.314    0.760 |   0.021   0.027   0.056 |   28.17   0.482    0.07   94%
  1    1048576 |    2.671   0.197   0.301    3.169 |   0.026   0.029   0.193 |  109.69   0.150    0.06   98%
 16      32768 |    0.091   0.106   0.284    0.481 |   0.040   0.030   0.074 |   16.05   0.403    0.14   87%
 16     131072 |    0.344   0.129   0.292    0.765 |   0.040   0.027   0.233 |   27.87   0.118    0.28   92%
 16    1048576 |    2.708   0.302   0.302    3.312 |   0.048   0.028   1.699 |  118.32   0.016    0.50   98%

mqa_lgt = deep_gemm.fp8_mqa_logits (score kernel only).
setup   = wq_b + wk + k_norm + weights_proj + RoPE + Hadamard + FP8 quant.
indexer = full pipeline (setup + mqa_logits + topk).  dsa = indexer + gather + sparse.
idx/spa = indexer / sparse-FA.   spa/dns = sparse-FA / dense-FA.   dns/dsa = dense-FA / dsa_total.
wrote csv:  bench_indexer_cost.csv
wrote plot: bench_indexer_cost.png
Warning: please use at least NVCC 12.9 for the best DeepGEMM performance
