/workspace/model-performance/yikai/diffusion_inference/LLMDiveDeep/.venv/lib/python3.12/site-packages/torch/cuda/graphs.py:126: UserWarning: The CUDA Graph is empty. This usually means that the graph was attempted to be captured on wrong device or stream. (Triggered internally at /pytorch/aten/src/ATen/cuda/CUDAGraph.cpp:147.)
  super().capture_end()

===== H=12 (K=V=128) =====

CORRECTNESS per kernel vs its exact reference (B=64 T=4)
  kernel                                          pass    max_abs
  cached-replay: verify_cached_replay (steady)    PASS  3.052e-05
  cached-replay: verify_cached_replay (overflow)  PASS  3.052e-05
  raw-replay: fold_replay (accept=T)              PASS  5.215e-08
  snapshot: verify_snapshot (last snapshot)       PASS  7.451e-08

H=12 B=4 T=4  (accept_len=4; us/iter; rows are NOT summable across schemes — see module docstring)
  scheme         impl                              latency_us  stored/token/head  note                                                            error
  snapshot       verify_snapshot                        12.03  65536 B            one Triton kernel; writes T full states                             -
  snapshot       commit (copy)                         7.8304  -                  not a compute kernel; torch gather, accept=4                        -
  raw-replay     verify_store[verify]                  8.5299  1028 B             verify half of the PR's fused kernel                                -
  raw-replay     verify_store[ring]                    8.0480  1028 B             ring half; 4 strided torch copies; sum of halves = upper bound      -
  raw-replay     fold_replay                           8.5760  -                  Triton; post-sampling, accept=4                                     -
  cached-replay  verify_cached_replay (steady)         7.3485  1024 B             ring append only, pnat=8                                            -
  cached-replay  verify_cached_replay (overflow)       8.7725  1024 B             SAME kernel, pnat=13: fold branch also writes S                     -
  snapshot       cutedsl_snapshot                      0.0992  -                  promoted CuTeDSL 1a kernel (module)                                 -
  cached-replay  cutedsl_cached_replay                 0.0966  -                  promoted CuTeDSL 2.2 kernel (module)                                -
  cached-replay  cutedsl_cached_replay (overflow)      0.0915  -                  promoted CuTeDSL 2.2 (module), folds S                              -

H=12 B=64 T=2  (accept_len=2; us/iter; rows are NOT summable across schemes — see module docstring)
  scheme         impl                              latency_us  stored/token/head  note                                                            error
  snapshot       verify_snapshot                        41.15  65536 B            one Triton kernel; writes T full states                             -
  snapshot       commit (copy)                          86.70  -                  not a compute kernel; torch gather, accept=2                        -
  raw-replay     verify_store[verify]                   19.61  1028 B             verify half of the PR's fused kernel                                -
  raw-replay     verify_store[ring]                    8.7450  1028 B             ring half; 4 strided torch copies; sum of halves = upper bound      -
  raw-replay     fold_replay                            18.07  -                  Triton; post-sampling, accept=2                                     -
  cached-replay  verify_cached_replay (steady)          46.64  1024 B             ring append only, pnat=8                                            -
  cached-replay  verify_cached_replay (overflow)        67.81  1024 B             SAME kernel, pnat=15: fold branch also writes S                     -
  snapshot       cutedsl_snapshot                      0.1357  -                  promoted CuTeDSL 1a kernel (module)                                 -
  cached-replay  cutedsl_cached_replay                 0.0960  -                  promoted CuTeDSL 2.2 kernel (module)                                -
  cached-replay  cutedsl_cached_replay (overflow)      0.0947  -                  promoted CuTeDSL 2.2 (module), folds S                              -

H=12 B=64 T=4  (accept_len=4; us/iter; rows are NOT summable across schemes — see module docstring)
  scheme         impl                              latency_us  stored/token/head  note                                                            error
  snapshot       verify_snapshot                        66.72  65536 B            one Triton kernel; writes T full states                             -
  snapshot       commit (copy)                          86.54  -                  not a compute kernel; torch gather, accept=4                        -
  raw-replay     verify_store[verify]                   34.14  1028 B             verify half of the PR's fused kernel                                -
  raw-replay     verify_store[ring]                    9.4054  1028 B             ring half; 4 strided torch copies; sum of halves = upper bound      -
  raw-replay     fold_replay                            25.21  -                  Triton; post-sampling, accept=4                                     -
  cached-replay  verify_cached_replay (steady)          49.80  1024 B             ring append only, pnat=8                                            -
  cached-replay  verify_cached_replay (overflow)        71.50  1024 B             SAME kernel, pnat=13: fold branch also writes S                     -
  snapshot       cutedsl_snapshot                      0.0947  -                  promoted CuTeDSL 1a kernel (module)                                 -
  cached-replay  cutedsl_cached_replay                 0.0941  -                  promoted CuTeDSL 2.2 kernel (module)                                -
  cached-replay  cutedsl_cached_replay (overflow)      0.0960  -                  promoted CuTeDSL 2.2 (module), folds S                              -

H=12 B=64 T=8  (accept_len=8; us/iter; rows are NOT summable across schemes — see module docstring)
  scheme         impl                              latency_us  stored/token/head  note                                                            error
  snapshot       verify_snapshot                       116.95  65536 B            one Triton kernel; writes T full states                             -
  snapshot       commit (copy)                          86.66  -                  not a compute kernel; torch gather, accept=8                        -
  raw-replay     verify_store[verify]                   62.78  1028 B             verify half of the PR's fused kernel                                -
  raw-replay     verify_store[ring]                     11.80  1028 B             ring half; 4 strided torch copies; sum of halves = upper bound      -
  raw-replay     fold_replay                            39.98  -                  Triton; post-sampling, accept=8                                     -
  cached-replay  verify_cached_replay (steady)          73.75  1024 B             ring append only, pnat=8                                            -
  cached-replay  verify_cached_replay (overflow)        95.26  1024 B             SAME kernel, pnat=9: fold branch also writes S                      -
  snapshot       cutedsl_snapshot                      0.0947  -                  promoted CuTeDSL 1a kernel (module)                                 -
  cached-replay  cutedsl_cached_replay                 0.0954  -                  promoted CuTeDSL 2.2 kernel (module)                                -
  cached-replay  cutedsl_cached_replay (overflow)      0.0947  -                  promoted CuTeDSL 2.2 (module), folds S                              -

H=12 B=256 T=4  (accept_len=4; us/iter; rows are NOT summable across schemes — see module docstring)
  scheme         impl                              latency_us  stored/token/head  note                                                            error
  snapshot       verify_snapshot                       218.49  65536 B            one Triton kernel; writes T full states                             -
  snapshot       commit (copy)                         342.87  -                  not a compute kernel; torch gather, accept=4                        -
  raw-replay     verify_store[verify]                  147.86  1028 B             verify half of the PR's fused kernel                                -
  raw-replay     verify_store[ring]                     17.04  1028 B             ring half; 4 strided torch copies; sum of halves = upper bound      -
  raw-replay     fold_replay                           113.33  -                  Triton; post-sampling, accept=4                                     -
  cached-replay  verify_cached_replay (steady)         202.02  1024 B             ring append only, pnat=8                                            -
  cached-replay  verify_cached_replay (overflow)       270.89  1024 B             SAME kernel, pnat=13: fold branch also writes S                     -
  snapshot       cutedsl_snapshot                      0.0902  -                  promoted CuTeDSL 1a kernel (module)                                 -
  cached-replay  cutedsl_cached_replay                 0.0973  -                  promoted CuTeDSL 2.2 kernel (module)                                -
  cached-replay  cutedsl_cached_replay (overflow)      0.0928  -                  promoted CuTeDSL 2.2 (module), folds S                              -

===== H=96 (K=V=128) =====

CORRECTNESS per kernel vs its exact reference (B=64 T=4)
  kernel                                          pass    max_abs
  cached-replay: verify_cached_replay (steady)    PASS  3.052e-05
  cached-replay: verify_cached_replay (overflow)  PASS  3.052e-05
  raw-replay: fold_replay (accept=T)              PASS  5.301e-06
  snapshot: verify_snapshot (last snapshot)       PASS  1.043e-07

H=96 B=4 T=4  (accept_len=4; us/iter; rows are NOT summable across schemes — see module docstring)
  scheme         impl                              latency_us  stored/token/head  note                                                            error
  snapshot       verify_snapshot                        42.58  65536 B            one Triton kernel; writes T full states                             -
  snapshot       commit (copy)                          38.19  -                  not a compute kernel; torch gather, accept=4                        -
  raw-replay     verify_store[verify]                   23.03  1028 B             verify half of the PR's fused kernel                                -
  raw-replay     verify_store[ring]                    8.7930  1028 B             ring half; 4 strided torch copies; sum of halves = upper bound      -
  raw-replay     fold_replay                            13.31  -                  Triton; post-sampling, accept=4                                     -
  cached-replay  verify_cached_replay (steady)          25.69  1024 B             ring append only, pnat=8                                            -
  cached-replay  verify_cached_replay (overflow)        34.21  1024 B             SAME kernel, pnat=13: fold branch also writes S                     -
  snapshot       cutedsl_snapshot                      0.0909  -                  promoted CuTeDSL 1a kernel (module)                                 -
  cached-replay  cutedsl_cached_replay                 0.0934  -                  promoted CuTeDSL 2.2 kernel (module)                                -
  cached-replay  cutedsl_cached_replay (overflow)      0.0934  -                  promoted CuTeDSL 2.2 (module), folds S                              -

H=96 B=64 T=2  (accept_len=2; us/iter; rows are NOT summable across schemes — see module docstring)
  scheme         impl                              latency_us  stored/token/head  note                                                            error
  snapshot       verify_snapshot                       261.08  65536 B            one Triton kernel; writes T full states                             -
  snapshot       commit (copy)                         675.20  -                  not a compute kernel; torch gather, accept=2                        -
  raw-replay     verify_store[verify]                  174.02  1028 B             verify half of the PR's fused kernel                                -
  raw-replay     verify_store[ring]                     17.06  1028 B             ring half; 4 strided torch copies; sum of halves = upper bound      -
  raw-replay     fold_replay                           160.47  -                  Triton; post-sampling, accept=2                                     -
  cached-replay  verify_cached_replay (steady)         324.33  1024 B             ring append only, pnat=8                                            -
  cached-replay  verify_cached_replay (overflow)       453.37  1024 B             SAME kernel, pnat=15: fold branch also writes S                     -
  snapshot       cutedsl_snapshot                      0.0909  -                  promoted CuTeDSL 1a kernel (module)                                 -
  cached-replay  cutedsl_cached_replay                 0.0896  -                  promoted CuTeDSL 2.2 kernel (module)                                -
  cached-replay  cutedsl_cached_replay (overflow)      0.0902  -                  promoted CuTeDSL 2.2 (module), folds S                              -

H=96 B=64 T=4  (accept_len=4; us/iter; rows are NOT summable across schemes — see module docstring)
  scheme         impl                              latency_us  stored/token/head  note                                                            error
  snapshot       verify_snapshot                       421.60  65536 B            one Triton kernel; writes T full states                             -
  snapshot       commit (copy)                         675.23  -                  not a compute kernel; torch gather, accept=4                        -
  raw-replay     verify_store[verify]                  281.49  1028 B             verify half of the PR's fused kernel                                -
  raw-replay     verify_store[ring]                     26.56  1028 B             ring half; 4 strided torch copies; sum of halves = upper bound      -
  raw-replay     fold_replay                           212.34  -                  Triton; post-sampling, accept=4                                     -
  cached-replay  verify_cached_replay (steady)         391.73  1024 B             ring append only, pnat=8                                            -
  cached-replay  verify_cached_replay (overflow)       526.90  1024 B             SAME kernel, pnat=13: fold branch also writes S                     -
  snapshot       cutedsl_snapshot                      0.0896  -                  promoted CuTeDSL 1a kernel (module)                                 -
  cached-replay  cutedsl_cached_replay                 0.0922  -                  promoted CuTeDSL 2.2 kernel (module)                                -
  cached-replay  cutedsl_cached_replay (overflow)      0.0909  -                  promoted CuTeDSL 2.2 (module), folds S                              -

H=96 B=64 T=8  (accept_len=8; us/iter; rows are NOT summable across schemes — see module docstring)
  scheme         impl                              latency_us  stored/token/head  note                                                            error
  snapshot       verify_snapshot                       760.26  65536 B            one Triton kernel; writes T full states                             -
  snapshot       commit (copy)                         675.42  -                  not a compute kernel; torch gather, accept=8                        -
  raw-replay     verify_store[verify]                  496.49  1028 B             verify half of the PR's fused kernel                                -
  raw-replay     verify_store[ring]                     57.57  1028 B             ring half; 4 strided torch copies; sum of halves = upper bound      -
  raw-replay     fold_replay                           331.21  -                  Triton; post-sampling, accept=8                                     -
  cached-replay  verify_cached_replay (steady)         556.71  1024 B             ring append only, pnat=8                                            -
  cached-replay  verify_cached_replay (overflow)       700.08  1024 B             SAME kernel, pnat=9: fold branch also writes S                      -
  snapshot       cutedsl_snapshot                      0.0915  -                  promoted CuTeDSL 1a kernel (module)                                 -
  cached-replay  cutedsl_cached_replay                 0.0909  -                  promoted CuTeDSL 2.2 kernel (module)                                -
  cached-replay  cutedsl_cached_replay (overflow)      0.0928  -                  promoted CuTeDSL 2.2 (module), folds S                              -

H=96 B=256 T=4  (accept_len=4; us/iter; rows are NOT summable across schemes — see module docstring)
  scheme         impl                              latency_us  stored/token/head  note                                                            error
  snapshot       verify_snapshot                     1,633.96  65536 B            one Triton kernel; writes T full states                             -
  snapshot       commit (copy)                       3,292.37  -                  not a compute kernel; torch gather, accept=4                        -
  raw-replay     verify_store[verify]                1,031.23  1028 B             verify half of the PR's fused kernel                                -
  raw-replay     verify_store[ring]                    111.54  1028 B             ring half; 4 strided torch copies; sum of halves = upper bound      -
  raw-replay     fold_replay                           777.36  -                  Triton; post-sampling, accept=4                                     -
  cached-replay  verify_cached_replay (steady)       1,544.60  1024 B             ring append only, pnat=8                                            -
  cached-replay  verify_cached_replay (overflow)     2,080.77  1024 B             SAME kernel, pnat=13: fold branch also writes S                     -
  snapshot       cutedsl_snapshot                      0.0960  -                  promoted CuTeDSL 1a kernel (module)                                 -
  cached-replay  cutedsl_cached_replay                 0.0986  -                  promoted CuTeDSL 2.2 kernel (module)                                -
  cached-replay  cutedsl_cached_replay (overflow)      0.0986  -                  promoted CuTeDSL 2.2 (module), folds S                              -
