
===== H=12 (K=V=128) =====

KDA STAGES H=12 B=1 S=512 (SGLang leaf kernels, us)
  impl         latency_us   tokens_s  error
  gate_cumsum      4.1888  1.222e+08      -
  wy_prep           37.70  1.358e+07      -
  state_carry       19.52  2.623e+07      -
  output           7.4400  6.882e+07      -

KDA STAGES H=12 B=1 S=2048 (SGLang leaf kernels, us)
  impl         latency_us   tokens_s  error
  gate_cumsum      9.0816  2.255e+08      -
  wy_prep           62.07  3.300e+07      -
  state_carry       62.11  3.297e+07      -
  output            13.94  1.469e+08      -

KDA STAGES H=12 B=1 S=8192 (SGLang leaf kernels, us)
  impl         latency_us   tokens_s  error
  gate_cumsum       27.16  3.016e+08      -
  wy_prep          209.84  3.904e+07      -
  state_carry      325.21  2.519e+07      -
  output            56.52  1.449e+08      -

KDA STAGES H=12 B=4 S=512 (SGLang leaf kernels, us)
  impl         latency_us   tokens_s  error
  gate_cumsum      9.0816  2.255e+08      -
  wy_prep           63.31  3.235e+07      -
  state_carry       24.50  8.361e+07      -
  output            13.93  1.470e+08      -

KDA STAGES H=12 B=4 S=2048 (SGLang leaf kernels, us)
  impl         latency_us   tokens_s  error
  gate_cumsum       26.88  3.047e+08      -
  wy_prep          210.70  3.888e+07      -
  state_carry       95.49  8.579e+07      -
  output            56.55  1.449e+08      -

KDA STAGES H=12 B=4 S=8192 (SGLang leaf kernels, us)
  impl         latency_us   tokens_s  error
  gate_cumsum       99.48  3.294e+08      -
  wy_prep          724.12  4.525e+07      -
  state_carry      354.77  9.236e+07      -
  output           199.64  1.641e+08      -

===== H=96 (K=V=128) =====

KDA STAGES H=96 B=1 S=512 (SGLang leaf kernels, us)
  impl         latency_us   tokens_s  error
  gate_cumsum       14.68  3.488e+07      -
  wy_prep          102.74  4.983e+06      -
  state_carry       33.04  1.550e+07      -
  output            29.07  1.761e+07      -

KDA STAGES H=96 B=1 S=2048 (SGLang leaf kernels, us)
  impl         latency_us   tokens_s  error
  gate_cumsum       50.83  4.029e+07      -
  wy_prep          367.22  5.577e+06      -
  state_carry      108.58  1.886e+07      -
  output           104.89  1.952e+07      -

KDA STAGES H=96 B=1 S=8192 (SGLang leaf kernels, us)
  impl         latency_us   tokens_s  error
  gate_cumsum      183.20  4.472e+07      -
  wy_prep        1,386.54  5.908e+06      -
  state_carry      402.74  2.034e+07      -
  output           393.66  2.081e+07      -

KDA STAGES H=96 B=4 S=512 (SGLang leaf kernels, us)
  impl         latency_us   tokens_s  error
  gate_cumsum       50.74  4.036e+07      -
  wy_prep          368.65  5.555e+06      -
  state_carry      106.30  1.927e+07      -
  output           104.89  1.952e+07      -

KDA STAGES H=96 B=4 S=2048 (SGLang leaf kernels, us)
  impl         latency_us   tokens_s  error
  gate_cumsum      183.53  4.464e+07      -
  wy_prep        1,393.58  5.878e+06      -
  state_carry      353.54  2.317e+07      -
  output           393.75  2.081e+07      -

KDA STAGES H=96 B=4 S=8192 (SGLang leaf kernels, us)
  impl         latency_us   tokens_s  error
  gate_cumsum      714.12  4.589e+07      -
  wy_prep        5,471.38  5.989e+06      -
  state_carry    1,366.27  2.398e+07      -
  output         1,557.15  2.104e+07      -

wrote results/bench_kda_stages.csv
wrote results/bench_kda_stages.png
